#At time x process y state arr w total z remain y wait k
At time 7 process 1 started arr 7 total 1 remain 1 wait 0
At time 7 process 1 stopped arr 7 total 1 remain 1 wait 0
At time 7 process 1 resumed arr 7 total 1 remain 1 wait 0
At time 7 process 1 stopped arr 7 total 1 remain 1 wait 0
At time 7 process 1 resumed arr 7 total 1 remain 1 wait 0
At time 7 process 1 stopped arr 7 total 1 remain 1 wait 0
At time 7 process 1 resumed arr 7 total 1 remain 1 wait 0
At time 7 process 1 stopped arr 7 total 1 remain 1 wait 0
At time 7 process 1 resumed arr 7 total 1 remain 1 wait 0
At time 7 process 1 stopped arr 7 total 1 remain 1 wait 0
At time 7 process 1 resumed arr 7 total 1 remain 1 wait 0
At time 7 process 1 stopped arr 7 total 1 remain 1 wait 0
At time 7 process 1 resumed arr 7 total 1 remain 1 wait 0
At time 7 process 1 stopped arr 7 total 1 remain 1 wait 0
At time 7 process 1 resumed arr 7 total 1 remain 1 wait 0
At time 7 process 1 stopped arr 7 total 1 remain 1 wait 0
At time 7 process 1 resumed arr 7 total 1 remain 1 wait 0
At time 8 process 1 finished arr 7 total 1 remain 0 wait 0 TA 1 WTA 1.00
At time 8 process 2 started arr 8 total 8 remain 8 wait 0
At time 8 process 2 stopped arr 8 total 8 remain 8 wait 0
At time 8 process 2 resumed arr 8 total 8 remain 8 wait 0
At time 8 process 2 stopped arr 8 total 8 remain 8 wait 0
At time 8 process 2 resumed arr 8 total 8 remain 8 wait 0
At time 8 process 2 stopped arr 8 total 8 remain 8 wait 0
At time 8 process 2 resumed arr 8 total 8 remain 8 wait 0
At time 8 process 2 stopped arr 8 total 8 remain 8 wait 0
At time 8 process 2 resumed arr 8 total 8 remain 8 wait 0
At time 8 process 2 stopped arr 8 total 8 remain 8 wait 0
At time 8 process 2 resumed arr 8 total 8 remain 8 wait 0
At time 8 process 2 stopped arr 8 total 8 remain 8 wait 0
At time 8 process 2 resumed arr 8 total 8 remain 8 wait 0
At time 8 process 2 stopped arr 8 total 8 remain 8 wait 0
At time 8 process 2 resumed arr 8 total 8 remain 8 wait 0
At time 8 process 2 stopped arr 8 total 8 remain 8 wait 0
At time 8 process 2 resumed arr 8 total 8 remain 8 wait 0
At time 9 process 2 stopped arr 8 total 8 remain 8 wait 0
At time 9 process 2 resumed arr 8 total 8 remain 8 wait 0
At time 9 process 2 stopped arr 8 total 8 remain 8 wait 0
At time 9 process 2 resumed arr 8 total 8 remain 8 wait 0
At time 9 process 2 stopped arr 8 total 8 remain 8 wait 0
At time 9 process 2 resumed arr 8 total 8 remain 8 wait 0
At time 9 process 2 stopped arr 8 total 8 remain 8 wait 0
At time 9 process 2 resumed arr 8 total 8 remain 8 wait 0
At time 9 process 2 stopped arr 8 total 8 remain 8 wait 0
At time 9 process 2 resumed arr 8 total 8 remain 8 wait 0
At time 9 process 2 stopped arr 8 total 8 remain 8 wait 0
At time 9 process 2 resumed arr 8 total 8 remain 8 wait 0
At time 9 process 2 stopped arr 8 total 8 remain 8 wait 0
At time 9 process 2 resumed arr 8 total 8 remain 8 wait 0
At time 9 process 2 stopped arr 8 total 8 remain 8 wait 0
At time 9 process 2 resumed arr 8 total 8 remain 8 wait 0
At time 10 process 2 stopped arr 8 total 8 remain 8 wait 0
At time 10 process 2 resumed arr 8 total 8 remain 8 wait 0
At time 10 process 2 stopped arr 8 total 8 remain 8 wait 0
At time 10 process 2 resumed arr 8 total 8 remain 8 wait 0
At time 10 process 2 stopped arr 8 total 8 remain 8 wait 0
At time 10 process 2 resumed arr 8 total 8 remain 8 wait 0
At time 10 process 2 stopped arr 8 total 8 remain 8 wait 0
At time 10 process 2 resumed arr 8 total 8 remain 8 wait 0
At time 10 process 2 stopped arr 8 total 8 remain 8 wait 0
At time 10 process 2 resumed arr 8 total 8 remain 8 wait 0
At time 10 process 2 stopped arr 8 total 8 remain 8 wait 0
At time 10 process 2 resumed arr 8 total 8 remain 8 wait 0
At time 10 process 2 stopped arr 8 total 8 remain 8 wait 0
At time 10 process 2 resumed arr 8 total 8 remain 8 wait 0
At time 10 process 2 stopped arr 8 total 8 remain 8 wait 0
At time 10 process 2 resumed arr 8 total 8 remain 8 wait 0
At time 11 process 2 stopped arr 8 total 8 remain 8 wait 0
At time 11 process 2 resumed arr 8 total 8 remain 8 wait 0
At time 11 process 2 stopped arr 8 total 8 remain 8 wait 0
At time 11 process 2 resumed arr 8 total 8 remain 8 wait 0
At time 11 process 2 stopped arr 8 total 8 remain 8 wait 0
At time 11 process 2 resumed arr 8 total 8 remain 8 wait 0
At time 11 process 2 stopped arr 8 total 8 remain 8 wait 0
At time 11 process 2 resumed arr 8 total 8 remain 8 wait 0
At time 11 process 2 stopped arr 8 total 8 remain 8 wait 0
At time 11 process 2 resumed arr 8 total 8 remain 8 wait 0
At time 11 process 2 stopped arr 8 total 8 remain 8 wait 0
At time 11 process 2 resumed arr 8 total 8 remain 8 wait 0
At time 11 process 2 stopped arr 8 total 8 remain 8 wait 0
At time 11 process 2 resumed arr 8 total 8 remain 8 wait 0
At time 11 process 2 stopped arr 8 total 8 remain 8 wait 0
At time 11 process 2 resumed arr 8 total 8 remain 8 wait 0
At time 12 process 2 stopped arr 8 total 8 remain 8 wait 0
At time 12 process 2 resumed arr 8 total 8 remain 8 wait 0
At time 12 process 2 stopped arr 8 total 8 remain 8 wait 0
At time 12 process 2 resumed arr 8 total 8 remain 8 wait 0
At time 12 process 2 stopped arr 8 total 8 remain 8 wait 0
At time 12 process 2 resumed arr 8 total 8 remain 8 wait 0
At time 12 process 2 stopped arr 8 total 8 remain 8 wait 0
At time 12 process 2 resumed arr 8 total 8 remain 8 wait 0
At time 12 process 2 stopped arr 8 total 8 remain 8 wait 0
At time 12 process 2 resumed arr 8 total 8 remain 8 wait 0
At time 12 process 2 stopped arr 8 total 8 remain 8 wait 0
At time 12 process 2 resumed arr 8 total 8 remain 8 wait 0
At time 12 process 2 stopped arr 8 total 8 remain 8 wait 0
At time 12 process 2 resumed arr 8 total 8 remain 8 wait 0
At time 12 process 2 stopped arr 8 total 8 remain 8 wait 0
At time 12 process 2 resumed arr 8 total 8 remain 8 wait 0
At time 12 process 2 stopped arr 8 total 8 remain 8 wait 0
At time 12 process 2 resumed arr 8 total 8 remain 8 wait 0
At time 13 process 2 stopped arr 8 total 8 remain 8 wait 0
At time 13 process 2 resumed arr 8 total 8 remain 8 wait 0
At time 13 process 2 stopped arr 8 total 8 remain 8 wait 0
At time 13 process 2 resumed arr 8 total 8 remain 8 wait 0
At time 13 process 2 stopped arr 8 total 8 remain 8 wait 0
At time 13 process 2 resumed arr 8 total 8 remain 8 wait 0
At time 13 process 2 stopped arr 8 total 8 remain 8 wait 0
At time 13 process 2 resumed arr 8 total 8 remain 8 wait 0
At time 13 process 2 stopped arr 8 total 8 remain 8 wait 0
At time 13 process 2 resumed arr 8 total 8 remain 8 wait 0
At time 13 process 2 stopped arr 8 total 8 remain 8 wait 0
At time 13 process 2 resumed arr 8 total 8 remain 8 wait 0
At time 13 process 2 stopped arr 8 total 8 remain 8 wait 0
At time 13 process 2 resumed arr 8 total 8 remain 8 wait 0
At time 13 process 2 stopped arr 8 total 8 remain 8 wait 0
At time 13 process 2 resumed arr 8 total 8 remain 8 wait 0
At time 14 process 2 stopped arr 8 total 8 remain 8 wait 0
At time 14 process 2 resumed arr 8 total 8 remain 8 wait 0
At time 14 process 2 stopped arr 8 total 8 remain 8 wait 0
At time 14 process 2 resumed arr 8 total 8 remain 8 wait 0
At time 14 process 2 stopped arr 8 total 8 remain 8 wait 0
At time 14 process 2 resumed arr 8 total 8 remain 8 wait 0
At time 14 process 2 stopped arr 8 total 8 remain 8 wait 0
At time 14 process 2 resumed arr 8 total 8 remain 8 wait 0
At time 14 process 2 stopped arr 8 total 8 remain 8 wait 0
At time 14 process 2 resumed arr 8 total 8 remain 8 wait 0
At time 14 process 2 stopped arr 8 total 8 remain 8 wait 0
At time 14 process 2 resumed arr 8 total 8 remain 8 wait 0
At time 14 process 2 stopped arr 8 total 8 remain 8 wait 0
At time 14 process 2 resumed arr 8 total 8 remain 8 wait 0
At time 14 process 2 stopped arr 8 total 8 remain 8 wait 0
At time 14 process 2 resumed arr 8 total 8 remain 8 wait 0
At time 15 process 2 stopped arr 8 total 8 remain 8 wait 0
At time 15 process 2 resumed arr 8 total 8 remain 8 wait 0
At time 15 process 2 stopped arr 8 total 8 remain 8 wait 0
At time 15 process 2 resumed arr 8 total 8 remain 8 wait 0
At time 15 process 2 stopped arr 8 total 8 remain 8 wait 0
At time 15 process 2 resumed arr 8 total 8 remain 8 wait 0
At time 15 process 2 stopped arr 8 total 8 remain 8 wait 0
At time 15 process 2 resumed arr 8 total 8 remain 8 wait 0
At time 15 process 2 stopped arr 8 total 8 remain 8 wait 0
At time 15 process 2 resumed arr 8 total 8 remain 8 wait 0
At time 15 process 2 stopped arr 8 total 8 remain 8 wait 0
At time 15 process 2 resumed arr 8 total 8 remain 8 wait 0
At time 15 process 2 stopped arr 8 total 8 remain 8 wait 0
At time 15 process 2 resumed arr 8 total 8 remain 8 wait 0
At time 15 process 2 stopped arr 8 total 8 remain 8 wait 0
At time 15 process 2 resumed arr 8 total 8 remain 8 wait 0
At time 16 process 2 finished arr 8 total 8 remain 0 wait 0 TA 8 WTA 1.00
At time 18 process 3 started arr 18 total 28 remain 28 wait 0
At time 18 process 3 stopped arr 18 total 28 remain 28 wait 0
At time 18 process 3 resumed arr 18 total 28 remain 28 wait 0
At time 18 process 3 stopped arr 18 total 28 remain 28 wait 0
At time 18 process 3 resumed arr 18 total 28 remain 28 wait 0
At time 18 process 3 stopped arr 18 total 28 remain 28 wait 0
At time 18 process 3 resumed arr 18 total 28 remain 28 wait 0
At time 18 process 3 stopped arr 18 total 28 remain 28 wait 0
At time 18 process 3 resumed arr 18 total 28 remain 28 wait 0
At time 18 process 3 stopped arr 18 total 28 remain 28 wait 0
At time 18 process 3 resumed arr 18 total 28 remain 28 wait 0
At time 18 process 3 stopped arr 18 total 28 remain 28 wait 0
At time 18 process 3 resumed arr 18 total 28 remain 28 wait 0
At time 18 process 3 stopped arr 18 total 28 remain 28 wait 0
At time 18 process 3 resumed arr 18 total 28 remain 28 wait 0
At time 18 process 3 stopped arr 18 total 28 remain 28 wait 0
At time 18 process 3 resumed arr 18 total 28 remain 28 wait 0
At time 19 process 3 stopped arr 18 total 28 remain 28 wait 0
At time 19 process 4 started arr 19 total 3 remain 3 wait 9
At time 19 process 4 stopped arr 19 total 3 remain 3 wait 9
At time 19 process 5 started arr 19 total 1 remain 1 wait 21
At time 19 process 5 stopped arr 19 total 1 remain 1 wait 21
At time 19 process 3 resumed arr 18 total 28 remain 28 wait 24
At time 19 process 3 stopped arr 18 total 28 remain 28 wait 24
At time 19 process 4 resumed arr 19 total 3 remain 3 wait 33
At time 19 process 4 stopped arr 19 total 3 remain 3 wait 33
At time 19 process 5 resumed arr 19 total 1 remain 1 wait 45
At time 19 process 5 stopped arr 19 total 1 remain 1 wait 45
At time 19 process 3 resumed arr 18 total 28 remain 28 wait 48
At time 19 process 3 stopped arr 18 total 28 remain 28 wait 48
At time 19 process 4 resumed arr 19 total 3 remain 3 wait 57
At time 19 process 4 stopped arr 19 total 3 remain 3 wait 57
At time 19 process 5 resumed arr 19 total 1 remain 1 wait 69
At time 20 process 5 finished arr 19 total 1 remain 0 wait 69 TA 1 WTA 1.00
At time 20 process 3 resumed arr 18 total 28 remain 28 wait 65
At time 20 process 3 stopped arr 18 total 28 remain 28 wait 65
At time 20 process 4 resumed arr 19 total 3 remain 3 wait 74
At time 20 process 4 stopped arr 19 total 3 remain 3 wait 74
At time 20 process 3 resumed arr 18 total 28 remain 28 wait 77
At time 20 process 3 stopped arr 18 total 28 remain 28 wait 77
At time 20 process 4 resumed arr 19 total 3 remain 3 wait 86
At time 20 process 4 stopped arr 19 total 3 remain 3 wait 86
At time 20 process 3 resumed arr 18 total 28 remain 28 wait 89
At time 20 process 3 stopped arr 18 total 28 remain 28 wait 89
At time 20 process 4 resumed arr 19 total 3 remain 3 wait 98
At time 20 process 4 stopped arr 19 total 3 remain 3 wait 98
At time 20 process 3 resumed arr 18 total 28 remain 28 wait 101
At time 20 process 3 stopped arr 18 total 28 remain 28 wait 101
At time 20 process 4 resumed arr 19 total 3 remain 3 wait 110
At time 20 process 4 stopped arr 19 total 3 remain 3 wait 110
At time 20 process 3 resumed arr 18 total 28 remain 28 wait 113
At time 21 process 3 stopped arr 18 total 28 remain 28 wait 113
At time 21 process 4 resumed arr 19 total 3 remain 3 wait 123
At time 21 process 4 stopped arr 19 total 3 remain 3 wait 123
At time 21 process 3 resumed arr 18 total 28 remain 28 wait 125
At time 21 process 3 stopped arr 18 total 28 remain 28 wait 125
At time 21 process 4 resumed arr 19 total 3 remain 3 wait 135
At time 21 process 4 stopped arr 19 total 3 remain 3 wait 135
At time 21 process 3 resumed arr 18 total 28 remain 28 wait 137
At time 21 process 3 stopped arr 18 total 28 remain 28 wait 137
At time 21 process 4 resumed arr 19 total 3 remain 3 wait 147
At time 21 process 4 stopped arr 19 total 3 remain 3 wait 147
At time 21 process 3 resumed arr 18 total 28 remain 28 wait 149
At time 21 process 3 stopped arr 18 total 28 remain 28 wait 149
At time 21 process 4 resumed arr 19 total 3 remain 3 wait 159
At time 21 process 4 stopped arr 19 total 3 remain 3 wait 159
At time 21 process 3 resumed arr 18 total 28 remain 28 wait 161
At time 22 process 3 stopped arr 18 total 28 remain 28 wait 161
At time 22 process 4 resumed arr 19 total 3 remain 3 wait 172
At time 22 process 4 finished arr 19 total 3 remain 0 wait 172 TA 3 WTA 1.00
At time 22 process 3 resumed arr 18 total 28 remain 28 wait 162
At time 22 process 3 stopped arr 18 total 28 remain 28 wait 162
At time 22 process 3 resumed arr 18 total 28 remain 28 wait 162
At time 22 process 3 stopped arr 18 total 28 remain 28 wait 162
At time 22 process 3 resumed arr 18 total 28 remain 28 wait 162
At time 22 process 3 stopped arr 18 total 28 remain 28 wait 162
At time 22 process 3 resumed arr 18 total 28 remain 28 wait 162
At time 22 process 3 stopped arr 18 total 28 remain 28 wait 162
At time 22 process 3 resumed arr 18 total 28 remain 28 wait 162
At time 22 process 3 stopped arr 18 total 28 remain 28 wait 162
At time 22 process 3 resumed arr 18 total 28 remain 28 wait 162
At time 22 process 3 stopped arr 18 total 28 remain 28 wait 162
At time 22 process 3 resumed arr 18 total 28 remain 28 wait 162
At time 22 process 3 stopped arr 18 total 28 remain 28 wait 162
At time 22 process 3 resumed arr 18 total 28 remain 28 wait 162
At time 23 process 3 stopped arr 18 total 28 remain 28 wait 162
At time 23 process 3 resumed arr 18 total 28 remain 28 wait 162
At time 23 process 3 stopped arr 18 total 28 remain 28 wait 162
At time 23 process 3 resumed arr 18 total 28 remain 28 wait 162
At time 23 process 3 stopped arr 18 total 28 remain 28 wait 162
At time 23 process 3 resumed arr 18 total 28 remain 28 wait 162
At time 23 process 3 stopped arr 18 total 28 remain 28 wait 162
At time 23 process 3 resumed arr 18 total 28 remain 28 wait 162
At time 23 process 3 stopped arr 18 total 28 remain 28 wait 162
At time 23 process 3 resumed arr 18 total 28 remain 28 wait 162
At time 23 process 3 stopped arr 18 total 28 remain 28 wait 162
At time 23 process 3 resumed arr 18 total 28 remain 28 wait 162
At time 23 process 3 stopped arr 18 total 28 remain 28 wait 162
At time 23 process 3 resumed arr 18 total 28 remain 28 wait 162
At time 23 process 3 stopped arr 18 total 28 remain 28 wait 162
At time 23 process 3 resumed arr 18 total 28 remain 28 wait 162
At time 24 process 3 stopped arr 18 total 28 remain 28 wait 162
At time 24 process 3 resumed arr 18 total 28 remain 28 wait 162
At time 24 process 3 stopped arr 18 total 28 remain 28 wait 162
At time 24 process 3 resumed arr 18 total 28 remain 28 wait 162
At time 24 process 3 stopped arr 18 total 28 remain 28 wait 162
At time 24 process 3 resumed arr 18 total 28 remain 28 wait 162
At time 24 process 3 stopped arr 18 total 28 remain 28 wait 162
At time 24 process 3 resumed arr 18 total 28 remain 28 wait 162
At time 24 process 3 stopped arr 18 total 28 remain 28 wait 162
At time 24 process 3 resumed arr 18 total 28 remain 28 wait 162
At time 24 process 3 stopped arr 18 total 28 remain 28 wait 162
At time 24 process 3 resumed arr 18 total 28 remain 28 wait 162
At time 24 process 3 stopped arr 18 total 28 remain 28 wait 162
At time 24 process 3 resumed arr 18 total 28 remain 28 wait 162
At time 24 process 3 stopped arr 18 total 28 remain 28 wait 162
At time 24 process 3 resumed arr 18 total 28 remain 28 wait 162
At time 24 process 3 stopped arr 18 total 28 remain 28 wait 162
At time 24 process 3 resumed arr 18 total 28 remain 28 wait 162
At time 25 process 3 stopped arr 18 total 28 remain 28 wait 162
At time 25 process 3 resumed arr 18 total 28 remain 28 wait 162
At time 25 process 3 stopped arr 18 total 28 remain 28 wait 162
At time 25 process 3 resumed arr 18 total 28 remain 28 wait 162
At time 25 process 3 stopped arr 18 total 28 remain 28 wait 162
At time 25 process 3 resumed arr 18 total 28 remain 28 wait 162
At time 25 process 3 stopped arr 18 total 28 remain 28 wait 162
At time 25 process 3 resumed arr 18 total 28 remain 28 wait 162
At time 25 process 3 stopped arr 18 total 28 remain 28 wait 162
At time 25 process 3 resumed arr 18 total 28 remain 28 wait 162
At time 25 process 3 stopped arr 18 total 28 remain 28 wait 162
At time 25 process 3 resumed arr 18 total 28 remain 28 wait 162
At time 25 process 3 stopped arr 18 total 28 remain 28 wait 162
At time 25 process 3 resumed arr 18 total 28 remain 28 wait 162
At time 25 process 3 stopped arr 18 total 28 remain 28 wait 162
At time 25 process 3 resumed arr 18 total 28 remain 28 wait 162
At time 26 process 3 stopped arr 18 total 28 remain 28 wait 162
At time 26 process 3 resumed arr 18 total 28 remain 28 wait 162
At time 26 process 3 stopped arr 18 total 28 remain 28 wait 162
At time 26 process 3 resumed arr 18 total 28 remain 28 wait 162
At time 26 process 3 stopped arr 18 total 28 remain 28 wait 162
At time 26 process 3 resumed arr 18 total 28 remain 28 wait 162
At time 26 process 3 stopped arr 18 total 28 remain 28 wait 162
At time 26 process 3 resumed arr 18 total 28 remain 28 wait 162
At time 26 process 3 stopped arr 18 total 28 remain 28 wait 162
At time 26 process 3 resumed arr 18 total 28 remain 28 wait 162
At time 26 process 3 stopped arr 18 total 28 remain 28 wait 162
At time 26 process 3 resumed arr 18 total 28 remain 28 wait 162
At time 26 process 3 stopped arr 18 total 28 remain 28 wait 162
At time 26 process 3 resumed arr 18 total 28 remain 28 wait 162
At time 26 process 3 stopped arr 18 total 28 remain 28 wait 162
At time 26 process 3 resumed arr 18 total 28 remain 28 wait 162
At time 27 process 3 stopped arr 18 total 28 remain 28 wait 162
At time 27 process 3 resumed arr 18 total 28 remain 28 wait 162
At time 27 process 3 stopped arr 18 total 28 remain 28 wait 162
At time 27 process 3 resumed arr 18 total 28 remain 28 wait 162
At time 27 process 3 stopped arr 18 total 28 remain 28 wait 162
At time 27 process 3 resumed arr 18 total 28 remain 28 wait 162
At time 27 process 3 stopped arr 18 total 28 remain 28 wait 162
At time 27 process 3 resumed arr 18 total 28 remain 28 wait 162
At time 27 process 3 stopped arr 18 total 28 remain 28 wait 162
At time 27 process 3 resumed arr 18 total 28 remain 28 wait 162
At time 27 process 3 stopped arr 18 total 28 remain 28 wait 162
At time 27 process 3 resumed arr 18 total 28 remain 28 wait 162
At time 27 process 3 stopped arr 18 total 28 remain 28 wait 162
At time 27 process 3 resumed arr 18 total 28 remain 28 wait 162
At time 27 process 3 stopped arr 18 total 28 remain 28 wait 162
At time 27 process 3 resumed arr 18 total 28 remain 28 wait 162
At time 28 process 3 stopped arr 18 total 28 remain 28 wait 162
At time 28 process 3 resumed arr 18 total 28 remain 28 wait 162
At time 28 process 3 stopped arr 18 total 28 remain 28 wait 162
At time 28 process 3 resumed arr 18 total 28 remain 28 wait 162
At time 28 process 3 stopped arr 18 total 28 remain 28 wait 162
At time 28 process 3 resumed arr 18 total 28 remain 28 wait 162
At time 28 process 3 stopped arr 18 total 28 remain 28 wait 162
At time 28 process 3 resumed arr 18 total 28 remain 28 wait 162
At time 28 process 3 stopped arr 18 total 28 remain 28 wait 162
At time 28 process 3 resumed arr 18 total 28 remain 28 wait 162
At time 28 process 3 stopped arr 18 total 28 remain 28 wait 162
At time 28 process 3 resumed arr 18 total 28 remain 28 wait 162
At time 28 process 3 stopped arr 18 total 28 remain 28 wait 162
At time 28 process 3 resumed arr 18 total 28 remain 28 wait 162
At time 28 process 3 stopped arr 18 total 28 remain 28 wait 162
At time 28 process 3 resumed arr 18 total 28 remain 28 wait 162
At time 28 process 3 stopped arr 18 total 28 remain 28 wait 162
At time 28 process 3 resumed arr 18 total 28 remain 28 wait 162
At time 29 process 3 stopped arr 18 total 28 remain 28 wait 162
At time 29 process 3 resumed arr 18 total 28 remain 28 wait 162
At time 29 process 3 stopped arr 18 total 28 remain 28 wait 162
At time 29 process 3 resumed arr 18 total 28 remain 28 wait 162
At time 29 process 3 stopped arr 18 total 28 remain 28 wait 162
At time 29 process 3 resumed arr 18 total 28 remain 28 wait 162
At time 29 process 3 stopped arr 18 total 28 remain 28 wait 162
At time 29 process 3 resumed arr 18 total 28 remain 28 wait 162
At time 29 process 3 stopped arr 18 total 28 remain 28 wait 162
At time 29 process 3 resumed arr 18 total 28 remain 28 wait 162
At time 29 process 3 stopped arr 18 total 28 remain 28 wait 162
At time 29 process 3 resumed arr 18 total 28 remain 28 wait 162
At time 29 process 3 stopped arr 18 total 28 remain 28 wait 162
At time 29 process 3 resumed arr 18 total 28 remain 28 wait 162
At time 29 process 3 stopped arr 18 total 28 remain 28 wait 162
At time 29 process 3 resumed arr 18 total 28 remain 28 wait 162
At time 30 process 3 stopped arr 18 total 28 remain 28 wait 162
At time 30 process 3 resumed arr 18 total 28 remain 28 wait 162
At time 30 process 3 stopped arr 18 total 28 remain 28 wait 162
At time 30 process 3 resumed arr 18 total 28 remain 28 wait 162
At time 30 process 3 stopped arr 18 total 28 remain 28 wait 162
At time 30 process 3 resumed arr 18 total 28 remain 28 wait 162
At time 30 process 3 stopped arr 18 total 28 remain 28 wait 162
At time 30 process 3 resumed arr 18 total 28 remain 28 wait 162
At time 30 process 3 stopped arr 18 total 28 remain 28 wait 162
At time 30 process 3 resumed arr 18 total 28 remain 28 wait 162
At time 30 process 3 stopped arr 18 total 28 remain 28 wait 162
At time 30 process 3 resumed arr 18 total 28 remain 28 wait 162
At time 30 process 3 stopped arr 18 total 28 remain 28 wait 162
At time 30 process 3 resumed arr 18 total 28 remain 28 wait 162
At time 30 process 3 stopped arr 18 total 28 remain 28 wait 162
At time 30 process 3 resumed arr 18 total 28 remain 28 wait 162
At time 31 process 3 stopped arr 18 total 28 remain 28 wait 162
At time 31 process 3 resumed arr 18 total 28 remain 28 wait 162
At time 31 process 3 stopped arr 18 total 28 remain 28 wait 162
At time 31 process 3 resumed arr 18 total 28 remain 28 wait 162
At time 31 process 3 stopped arr 18 total 28 remain 28 wait 162
At time 31 process 3 resumed arr 18 total 28 remain 28 wait 162
At time 31 process 3 stopped arr 18 total 28 remain 28 wait 162
At time 31 process 3 resumed arr 18 total 28 remain 28 wait 162
At time 31 process 3 stopped arr 18 total 28 remain 28 wait 162
At time 31 process 3 resumed arr 18 total 28 remain 28 wait 162
At time 31 process 3 stopped arr 18 total 28 remain 28 wait 162
At time 31 process 3 resumed arr 18 total 28 remain 28 wait 162
At time 31 process 3 stopped arr 18 total 28 remain 28 wait 162
At time 31 process 3 resumed arr 18 total 28 remain 28 wait 162
At time 31 process 3 stopped arr 18 total 28 remain 28 wait 162
At time 31 process 3 resumed arr 18 total 28 remain 28 wait 162
At time 32 process 3 stopped arr 18 total 28 remain 28 wait 162
At time 32 process 3 resumed arr 18 total 28 remain 28 wait 162
At time 32 process 3 stopped arr 18 total 28 remain 28 wait 162
At time 32 process 3 resumed arr 18 total 28 remain 28 wait 162
At time 32 process 3 stopped arr 18 total 28 remain 28 wait 162
At time 32 process 3 resumed arr 18 total 28 remain 28 wait 162
At time 32 process 3 stopped arr 18 total 28 remain 28 wait 162
At time 32 process 3 resumed arr 18 total 28 remain 28 wait 162
At time 32 process 3 stopped arr 18 total 28 remain 28 wait 162
At time 32 process 3 resumed arr 18 total 28 remain 28 wait 162
At time 32 process 3 stopped arr 18 total 28 remain 28 wait 162
At time 32 process 3 resumed arr 18 total 28 remain 28 wait 162
At time 32 process 3 stopped arr 18 total 28 remain 28 wait 162
At time 32 process 3 resumed arr 18 total 28 remain 28 wait 162
At time 32 process 3 stopped arr 18 total 28 remain 28 wait 162
At time 32 process 3 resumed arr 18 total 28 remain 28 wait 162
At time 32 process 3 stopped arr 18 total 28 remain 28 wait 162
At time 32 process 3 resumed arr 18 total 28 remain 28 wait 162
At time 33 process 3 stopped arr 18 total 28 remain 28 wait 162
At time 33 process 3 resumed arr 18 total 28 remain 28 wait 162
At time 33 process 3 stopped arr 18 total 28 remain 28 wait 162
At time 33 process 3 resumed arr 18 total 28 remain 28 wait 162
At time 33 process 3 stopped arr 18 total 28 remain 28 wait 162
At time 33 process 3 resumed arr 18 total 28 remain 28 wait 162
At time 33 process 3 stopped arr 18 total 28 remain 28 wait 162
At time 33 process 3 resumed arr 18 total 28 remain 28 wait 162
At time 33 process 3 stopped arr 18 total 28 remain 28 wait 162
At time 33 process 3 resumed arr 18 total 28 remain 28 wait 162
At time 33 process 3 stopped arr 18 total 28 remain 28 wait 162
At time 33 process 3 resumed arr 18 total 28 remain 28 wait 162
At time 33 process 3 stopped arr 18 total 28 remain 28 wait 162
At time 33 process 3 resumed arr 18 total 28 remain 28 wait 162
At time 33 process 3 stopped arr 18 total 28 remain 28 wait 162
At time 33 process 3 resumed arr 18 total 28 remain 28 wait 162
At time 34 process 3 stopped arr 18 total 28 remain 28 wait 162
At time 34 process 3 resumed arr 18 total 28 remain 28 wait 162
At time 34 process 3 stopped arr 18 total 28 remain 28 wait 162
At time 34 process 3 resumed arr 18 total 28 remain 28 wait 162
At time 34 process 3 stopped arr 18 total 28 remain 28 wait 162
At time 34 process 3 resumed arr 18 total 28 remain 28 wait 162
At time 34 process 3 stopped arr 18 total 28 remain 28 wait 162
At time 34 process 3 resumed arr 18 total 28 remain 28 wait 162
At time 34 process 3 stopped arr 18 total 28 remain 28 wait 162
At time 34 process 3 resumed arr 18 total 28 remain 28 wait 162
At time 34 process 3 stopped arr 18 total 28 remain 28 wait 162
At time 34 process 3 resumed arr 18 total 28 remain 28 wait 162
At time 34 process 3 stopped arr 18 total 28 remain 28 wait 162
At time 34 process 3 resumed arr 18 total 28 remain 28 wait 162
At time 34 process 3 stopped arr 18 total 28 remain 28 wait 162
At time 34 process 3 resumed arr 18 total 28 remain 28 wait 162
At time 35 process 3 stopped arr 18 total 28 remain 28 wait 162
At time 35 process 3 resumed arr 18 total 28 remain 28 wait 162
At time 35 process 3 stopped arr 18 total 28 remain 28 wait 162
At time 35 process 3 resumed arr 18 total 28 remain 28 wait 162
At time 35 process 3 stopped arr 18 total 28 remain 28 wait 162
At time 35 process 3 resumed arr 18 total 28 remain 28 wait 162
At time 35 process 3 stopped arr 18 total 28 remain 28 wait 162
At time 35 process 3 resumed arr 18 total 28 remain 28 wait 162
At time 35 process 3 stopped arr 18 total 28 remain 28 wait 162
At time 35 process 3 resumed arr 18 total 28 remain 28 wait 162
At time 35 process 3 stopped arr 18 total 28 remain 28 wait 162
At time 35 process 3 resumed arr 18 total 28 remain 28 wait 162
At time 35 process 3 stopped arr 18 total 28 remain 28 wait 162
At time 35 process 3 resumed arr 18 total 28 remain 28 wait 162
At time 35 process 3 stopped arr 18 total 28 remain 28 wait 162
At time 35 process 3 resumed arr 18 total 28 remain 28 wait 162
At time 36 process 3 stopped arr 18 total 28 remain 28 wait 162
At time 36 process 3 resumed arr 18 total 28 remain 28 wait 162
At time 36 process 3 stopped arr 18 total 28 remain 28 wait 162
At time 36 process 3 resumed arr 18 total 28 remain 28 wait 162
At time 36 process 3 stopped arr 18 total 28 remain 28 wait 162
At time 36 process 3 resumed arr 18 total 28 remain 28 wait 162
At time 36 process 3 stopped arr 18 total 28 remain 28 wait 162
At time 36 process 3 resumed arr 18 total 28 remain 28 wait 162
At time 36 process 3 stopped arr 18 total 28 remain 28 wait 162
At time 36 process 3 resumed arr 18 total 28 remain 28 wait 162
At time 36 process 3 stopped arr 18 total 28 remain 28 wait 162
At time 36 process 3 resumed arr 18 total 28 remain 28 wait 162
At time 36 process 3 stopped arr 18 total 28 remain 28 wait 162
At time 36 process 3 resumed arr 18 total 28 remain 28 wait 162
At time 36 process 3 stopped arr 18 total 28 remain 28 wait 162
At time 36 process 3 resumed arr 18 total 28 remain 28 wait 162
At time 36 process 3 stopped arr 18 total 28 remain 28 wait 162
At time 36 process 3 resumed arr 18 total 28 remain 28 wait 162
At time 37 process 3 stopped arr 18 total 28 remain 28 wait 162
At time 37 process 3 resumed arr 18 total 28 remain 28 wait 162
At time 37 process 3 stopped arr 18 total 28 remain 28 wait 162
At time 37 process 3 resumed arr 18 total 28 remain 28 wait 162
At time 37 process 3 stopped arr 18 total 28 remain 28 wait 162
At time 37 process 3 resumed arr 18 total 28 remain 28 wait 162
At time 37 process 3 stopped arr 18 total 28 remain 28 wait 162
At time 37 process 3 resumed arr 18 total 28 remain 28 wait 162
At time 37 process 3 stopped arr 18 total 28 remain 28 wait 162
At time 37 process 3 resumed arr 18 total 28 remain 28 wait 162
At time 37 process 3 stopped arr 18 total 28 remain 28 wait 162
At time 37 process 3 resumed arr 18 total 28 remain 28 wait 162
At time 37 process 3 stopped arr 18 total 28 remain 28 wait 162
At time 37 process 3 resumed arr 18 total 28 remain 28 wait 162
At time 37 process 3 stopped arr 18 total 28 remain 28 wait 162
At time 37 process 3 resumed arr 18 total 28 remain 28 wait 162
At time 38 process 3 stopped arr 18 total 28 remain 28 wait 162
At time 38 process 3 resumed arr 18 total 28 remain 28 wait 162
At time 38 process 3 stopped arr 18 total 28 remain 28 wait 162
At time 38 process 3 resumed arr 18 total 28 remain 28 wait 162
At time 38 process 3 stopped arr 18 total 28 remain 28 wait 162
At time 38 process 3 resumed arr 18 total 28 remain 28 wait 162
At time 38 process 3 stopped arr 18 total 28 remain 28 wait 162
At time 38 process 3 resumed arr 18 total 28 remain 28 wait 162
At time 38 process 3 stopped arr 18 total 28 remain 28 wait 162
At time 38 process 3 resumed arr 18 total 28 remain 28 wait 162
At time 38 process 3 stopped arr 18 total 28 remain 28 wait 162
At time 38 process 3 resumed arr 18 total 28 remain 28 wait 162
At time 38 process 3 stopped arr 18 total 28 remain 28 wait 162
At time 38 process 3 resumed arr 18 total 28 remain 28 wait 162
At time 38 process 3 stopped arr 18 total 28 remain 28 wait 162
At time 38 process 3 resumed arr 18 total 28 remain 28 wait 162
At time 39 process 3 stopped arr 18 total 28 remain 28 wait 162
At time 39 process 3 resumed arr 18 total 28 remain 28 wait 162
At time 39 process 3 stopped arr 18 total 28 remain 28 wait 162
At time 39 process 3 resumed arr 18 total 28 remain 28 wait 162
At time 39 process 3 stopped arr 18 total 28 remain 28 wait 162
At time 39 process 3 resumed arr 18 total 28 remain 28 wait 162
At time 39 process 3 stopped arr 18 total 28 remain 28 wait 162
At time 39 process 3 resumed arr 18 total 28 remain 28 wait 162
At time 39 process 3 stopped arr 18 total 28 remain 28 wait 162
At time 39 process 3 resumed arr 18 total 28 remain 28 wait 162
At time 39 process 3 stopped arr 18 total 28 remain 28 wait 162
At time 39 process 3 resumed arr 18 total 28 remain 28 wait 162
At time 39 process 3 stopped arr 18 total 28 remain 28 wait 162
At time 39 process 3 resumed arr 18 total 28 remain 28 wait 162
At time 39 process 3 stopped arr 18 total 28 remain 28 wait 162
At time 39 process 3 resumed arr 18 total 28 remain 28 wait 162
At time 40 process 3 stopped arr 18 total 28 remain 28 wait 162
At time 40 process 3 resumed arr 18 total 28 remain 28 wait 162
At time 40 process 3 stopped arr 18 total 28 remain 28 wait 162
At time 40 process 3 resumed arr 18 total 28 remain 28 wait 162
At time 40 process 3 stopped arr 18 total 28 remain 28 wait 162
At time 40 process 3 resumed arr 18 total 28 remain 28 wait 162
At time 40 process 3 stopped arr 18 total 28 remain 28 wait 162
At time 40 process 3 resumed arr 18 total 28 remain 28 wait 162
At time 40 process 3 stopped arr 18 total 28 remain 28 wait 162
At time 40 process 3 resumed arr 18 total 28 remain 28 wait 162
At time 40 process 3 stopped arr 18 total 28 remain 28 wait 162
At time 40 process 3 resumed arr 18 total 28 remain 28 wait 162
At time 40 process 3 stopped arr 18 total 28 remain 28 wait 162
At time 40 process 3 resumed arr 18 total 28 remain 28 wait 162
At time 40 process 3 stopped arr 18 total 28 remain 28 wait 162
At time 40 process 3 resumed arr 18 total 28 remain 28 wait 162
At time 40 process 3 stopped arr 18 total 28 remain 28 wait 162
At time 40 process 3 resumed arr 18 total 28 remain 28 wait 162
At time 41 process 3 stopped arr 18 total 28 remain 28 wait 162
At time 41 process 3 resumed arr 18 total 28 remain 28 wait 162
At time 41 process 3 stopped arr 18 total 28 remain 28 wait 162
At time 41 process 3 resumed arr 18 total 28 remain 28 wait 162
At time 41 process 3 stopped arr 18 total 28 remain 28 wait 162
At time 41 process 3 resumed arr 18 total 28 remain 28 wait 162
At time 41 process 3 stopped arr 18 total 28 remain 28 wait 162
At time 41 process 3 resumed arr 18 total 28 remain 28 wait 162
At time 41 process 3 stopped arr 18 total 28 remain 28 wait 162
At time 41 process 3 resumed arr 18 total 28 remain 28 wait 162
At time 41 process 3 stopped arr 18 total 28 remain 28 wait 162
At time 41 process 3 resumed arr 18 total 28 remain 28 wait 162
At time 41 process 3 stopped arr 18 total 28 remain 28 wait 162
At time 41 process 3 resumed arr 18 total 28 remain 28 wait 162
At time 41 process 3 stopped arr 18 total 28 remain 28 wait 162
At time 41 process 3 resumed arr 18 total 28 remain 28 wait 162
At time 42 process 3 stopped arr 18 total 28 remain 28 wait 162
At time 42 process 3 resumed arr 18 total 28 remain 28 wait 162
At time 42 process 3 stopped arr 18 total 28 remain 28 wait 162
At time 42 process 3 resumed arr 18 total 28 remain 28 wait 162
At time 42 process 3 stopped arr 18 total 28 remain 28 wait 162
At time 42 process 3 resumed arr 18 total 28 remain 28 wait 162
At time 42 process 3 stopped arr 18 total 28 remain 28 wait 162
At time 42 process 3 resumed arr 18 total 28 remain 28 wait 162
At time 42 process 3 stopped arr 18 total 28 remain 28 wait 162
At time 42 process 3 resumed arr 18 total 28 remain 28 wait 162
At time 42 process 3 stopped arr 18 total 28 remain 28 wait 162
At time 42 process 3 resumed arr 18 total 28 remain 28 wait 162
At time 42 process 3 stopped arr 18 total 28 remain 28 wait 162
At time 42 process 3 resumed arr 18 total 28 remain 28 wait 162
At time 42 process 3 stopped arr 18 total 28 remain 28 wait 162
At time 42 process 3 resumed arr 18 total 28 remain 28 wait 162
At time 43 process 3 stopped arr 18 total 28 remain 28 wait 162
At time 43 process 3 resumed arr 18 total 28 remain 28 wait 162
At time 43 process 3 stopped arr 18 total 28 remain 28 wait 162
At time 43 process 3 resumed arr 18 total 28 remain 28 wait 162
At time 43 process 3 stopped arr 18 total 28 remain 28 wait 162
At time 43 process 3 resumed arr 18 total 28 remain 28 wait 162
At time 43 process 3 stopped arr 18 total 28 remain 28 wait 162
At time 43 process 3 resumed arr 18 total 28 remain 28 wait 162
At time 43 process 3 stopped arr 18 total 28 remain 28 wait 162
At time 43 process 3 resumed arr 18 total 28 remain 28 wait 162
At time 43 process 3 stopped arr 18 total 28 remain 28 wait 162
At time 43 process 3 resumed arr 18 total 28 remain 28 wait 162
At time 43 process 3 stopped arr 18 total 28 remain 28 wait 162
At time 43 process 3 resumed arr 18 total 28 remain 28 wait 162
At time 43 process 3 stopped arr 18 total 28 remain 28 wait 162
At time 43 process 3 resumed arr 18 total 28 remain 28 wait 162
At time 44 process 3 stopped arr 18 total 28 remain 28 wait 162
At time 44 process 3 resumed arr 18 total 28 remain 28 wait 162
At time 44 process 3 stopped arr 18 total 28 remain 28 wait 162
At time 44 process 3 resumed arr 18 total 28 remain 28 wait 162
At time 44 process 3 stopped arr 18 total 28 remain 28 wait 162
At time 44 process 3 resumed arr 18 total 28 remain 28 wait 162
At time 44 process 3 stopped arr 18 total 28 remain 28 wait 162
At time 44 process 3 resumed arr 18 total 28 remain 28 wait 162
At time 44 process 3 stopped arr 18 total 28 remain 28 wait 162
At time 44 process 3 resumed arr 18 total 28 remain 28 wait 162
At time 44 process 3 stopped arr 18 total 28 remain 28 wait 162
At time 44 process 3 resumed arr 18 total 28 remain 28 wait 162
At time 44 process 3 stopped arr 18 total 28 remain 28 wait 162
At time 44 process 3 resumed arr 18 total 28 remain 28 wait 162
At time 44 process 3 stopped arr 18 total 28 remain 28 wait 162
At time 44 process 3 resumed arr 18 total 28 remain 28 wait 162
At time 44 process 3 stopped arr 18 total 28 remain 28 wait 162
At time 44 process 3 resumed arr 18 total 28 remain 28 wait 162
At time 45 process 3 stopped arr 18 total 28 remain 28 wait 162
At time 45 process 3 resumed arr 18 total 28 remain 28 wait 162
At time 45 process 3 stopped arr 18 total 28 remain 28 wait 162
At time 45 process 3 resumed arr 18 total 28 remain 28 wait 162
At time 45 process 3 stopped arr 18 total 28 remain 28 wait 162
At time 45 process 3 resumed arr 18 total 28 remain 28 wait 162
At time 45 process 3 stopped arr 18 total 28 remain 28 wait 162
At time 45 process 3 resumed arr 18 total 28 remain 28 wait 162
At time 45 process 3 stopped arr 18 total 28 remain 28 wait 162
At time 45 process 3 resumed arr 18 total 28 remain 28 wait 162
At time 45 process 3 stopped arr 18 total 28 remain 28 wait 162
At time 45 process 3 resumed arr 18 total 28 remain 28 wait 162
At time 45 process 3 stopped arr 18 total 28 remain 28 wait 162
At time 45 process 3 resumed arr 18 total 28 remain 28 wait 162
At time 45 process 3 stopped arr 18 total 28 remain 28 wait 162
At time 45 process 3 resumed arr 18 total 28 remain 28 wait 162
At time 46 process 3 finished arr 18 total 28 remain 0 wait 162 TA 28 WTA 1.00
